# cargo xtask ci-full on the macOS development host (aarch64-apple-darwin), 2026-09-28T17:23Z, commit 1ca8a00 + uncommitted docs

=== ci-full summary (host aarch64-apple-darwin, strict: false) ===
   1 fmt             PASS          0s  rustfmt: no changes
   2 clippy          PASS          0s  clippy -D warnings on aarch64-apple-darwin (12 crates)
   2 policy          PASS          0s  forbid-unsafe: 14 target roots; lints-table: 12 manifests; lint-allows: 0 relaxing attributes (all sanctioned); build-scripts: 12 crates, none; spdx: 48 files; secmp-crypto/secmp-proto closure: 0 external crates, 0 exempted; tracked exemptions elsewhere: 10; workflows: 2 files, triggers/SHA pins/continue-on-error ok
   3 deny            PASS          1s  advisories, bans, licenses, sources: ok
   3 vet             PASS          0s  secmp-crypto/secmp-proto closure: 0 external crates, 0 exempted; tracked exemptions elsewhere: 10
   3 audit           PASS          1s  RustSec: no advisories (warnings denied)
   3 cooldown        PASS          2s  11 registry packages, all ≥ 7 days old; youngest: unicode-ident 1.0.26, 11 days
   4 nextest         PASS          1s  cargo nextest run --workspace
   4 doctest         PASS          0s  cargo test --doc
   4 hello           PASS          0s  secmp-relay 0.0.0 (M0 skeleton: no functionality) | secmp-cli 0.0.0 (M0 skeleton: no functionality) | secmp-ui 0.0.0 (M0 skeleton: no functionality)
   5 kat             PASS          0s  KAT/differential packages: none (expected set matches)
   6 fuzz            PASS          0s  fuzz smoke, 120 s per target: none (expected set matches)
   7 coverage        PASS          8s  secmp-cli: 5/6 lines = 83.3 % (min 80 %); secmp-client-core: no code; secmp-crypto: no code; secmp-proto: no code; secmp-relay: 5/6 lines = 83.3 % (min 80 %); secmp-store: no code; secmp-sys-desktop: no code; secmp-sys-mem: no code; secmp-testkit: no code; secmp-transport: no code; secmp-ui: 5/6 lines = 83.3 % (min 80 %) (xtask not measured)
   8 mutants         PASS          0s  secmp-crypto, secmp-proto: Found 0 mutants to test
   9 miri            PASS          2s  Miri (nightly-2026-09-21): secmp-sys-mem, secmp-sys-desktop, secmp-crypto
   9 kani            PASS          0s  Kani 0.68.0: harness packages none (expected set matches)
  10 proverif        PASS          0s  ProVerif 2.05 self-test [true, false] ok; models: none (expected set matches)
  11 windows-cross   PASS          1s  cargo xwin build --all-targets for x86_64-pc-windows-msvc
  11 windows-native  SKIP          0s  Windows tests run on windows-latest (A1 §2): `cargo xtask win-test --backend github` or CI job windows-native
  11 linux-target    PASS          2s  cargo zigbuild --all-targets for x86_64-unknown-linux-gnu (build only, A1 §3)
 12a ref-vectors     STUB          0s  ref/ holds only its README; the cross-check starts in M1 with the separate reference session (OQ-17, ADR-026)
  12 repro           STUB          0s  two-builder reproducibility check becomes real in M11 (`cargo xtask repro-check`)
  13 sbom            PASS          2s  12 CycloneDX SBOMs in target/sbom; auditable release builds (aarch64-apple-darwin, remapped paths) read back by `cargo audit bin`: target/release/secmp-relay, target/release/secmp-cli, target/release/secmp-ui
  14 systemd         SKIP          0s  systemd-analyze is Linux-only (CI jobs linux-fast/linux-full run it)
ci-full: PASS with 2 host-specific skip(s) — not allowed with --strict (CI)
exit=0
