# GitHub Actions run 36454074199, job linux-full (ubuntu-latest), commit 1ca8a00
# https://github.com/CarlKIGbR/SecMPro/actions/runs/36454074199
# command: cargo xtask ci-full --strict --delegated windows-native --delegated windows-cross

2026-09-28T17:25:46.2995196Z === ci-full summary (host x86_64-unknown-linux-gnu, strict: true) ===
2026-09-28T17:25:46.2996142Z    1 fmt             PASS          0s  rustfmt: no changes
2026-09-28T17:25:46.2997134Z    2 clippy          PASS          2s  clippy -D warnings on x86_64-unknown-linux-gnu (12 crates)
2026-09-28T17:25:46.2999765Z    2 policy          PASS          0s  forbid-unsafe: 14 target roots; lints-table: 12 manifests; lint-allows: 0 relaxing attributes (all sanctioned); build-scripts: 12 crates, none; spdx: 48 files; secmp-crypto/secmp-proto closure: 0 external crates, 0 exempted; tracked exemptions elsewhere: 10; workflows: 2 files, triggers/SHA pins/continue-on-error ok
2026-09-28T17:25:46.3002844Z    3 deny            PASS          0s  advisories, bans, licenses, sources: ok
2026-09-28T17:25:46.3003887Z    3 vet             PASS          0s  secmp-crypto/secmp-proto closure: 0 external crates, 0 exempted; tracked exemptions elsewhere: 10
2026-09-28T17:25:46.3004901Z    3 audit           PASS          5s  RustSec: no advisories (warnings denied)
2026-09-28T17:25:46.3006179Z    3 cooldown        PASS          0s  11 registry packages, all ≥ 7 days old; youngest: unicode-ident 1.0.26, 11 days
2026-09-28T17:25:46.3007095Z    4 nextest         PASS          3s  cargo nextest run --workspace
2026-09-28T17:25:46.3007740Z    4 doctest         PASS          0s  cargo test --doc
2026-09-28T17:25:46.3008984Z    4 hello           PASS          0s  secmp-relay 0.0.0 (M0 skeleton: no functionality) | secmp-cli 0.0.0 (M0 skeleton: no functionality) | secmp-ui 0.0.0 (M0 skeleton: no functionality)
2026-09-28T17:25:46.3010374Z    5 kat             PASS          0s  KAT/differential packages: none (expected set matches)
2026-09-28T17:25:46.3011249Z    6 fuzz            PASS          0s  fuzz smoke, 120 s per target: none (expected set matches)
2026-09-28T17:25:46.3014052Z    7 coverage        PASS          6s  secmp-cli: 5/6 lines = 83.3 % (min 80 %); secmp-client-core: no code; secmp-crypto: no code; secmp-proto: no code; secmp-relay: 5/6 lines = 83.3 % (min 80 %); secmp-store: no code; secmp-sys-desktop: no code; secmp-sys-mem: no code; secmp-testkit: no code; secmp-transport: no code; secmp-ui: 5/6 lines = 83.3 % (min 80 %) (xtask not measured)
2026-09-28T17:25:46.3015604Z    8 mutants         PASS          0s  secmp-crypto, secmp-proto: Found 0 mutants to test
2026-09-28T17:25:46.3016222Z    9 miri            PASS         24s  Miri (nightly-2026-09-21): secmp-sys-mem, secmp-sys-desktop, secmp-crypto
2026-09-28T17:25:46.3016834Z    9 kani            PASS          0s  Kani 0.68.0: harness packages none (expected set matches)
2026-09-28T17:25:46.3017785Z   10 proverif        PASS          0s  ProVerif 2.05 self-test [true, false] ok; models: none (expected set matches)
2026-09-28T17:25:46.3018647Z   11 windows-cross   DELEGATED     0s  handed to another CI job with --delegated
2026-09-28T17:25:46.3019261Z   11 windows-native  DELEGATED     0s  handed to another CI job with --delegated
2026-09-28T17:25:46.3020101Z   11 linux-target    PASS          0s  host is x86_64-unknown-linux-gnu: every step above ran natively
2026-09-28T17:25:46.3021073Z  12a ref-vectors     STUB          0s  ref/ holds only its README; the cross-check starts in M1 with the separate reference session (OQ-17, ADR-026)
2026-09-28T17:25:46.3022477Z   12 repro           STUB          0s  two-builder reproducibility check becomes real in M11 (`cargo xtask repro-check`)
2026-09-28T17:25:46.3023947Z   13 sbom            PASS          8s  12 CycloneDX SBOMs in target/sbom; auditable release builds (x86_64-unknown-linux-gnu, remapped paths) read back by `cargo audit bin`: target/release/secmp-relay, target/release/secmp-cli, target/release/secmp-ui
2026-09-28T17:25:46.3025643Z   14 systemd         PASS          0s  systemd 255 (255.4-1ubuntu8.17); self-test: unhardened fixture 9.4 > 2 rejected; units: none (deploy/secmp-relay.service arrives in M10)
2026-09-28T17:25:46.3026595Z ci-full: PASS
