  cargo:rustc-check-cfg=cfg(libressl390)
  cargo:rustc-check-cfg=cfg(libressl400)
  cargo:rustc-check-cfg=cfg(libressl410)
  cargo:rustc-check-cfg=cfg(libressl420)
  cargo:rustc-check-cfg=cfg(libressl430)
  cargo:rustc-check-cfg=cfg(ossl101)
  cargo:rustc-check-cfg=cfg(ossl102)
  cargo:rustc-check-cfg=cfg(ossl102f)
  cargo:rustc-check-cfg=cfg(ossl102h)
  cargo:rustc-check-cfg=cfg(ossl110)
  cargo:rustc-check-cfg=cfg(ossl110f)
  cargo:rustc-check-cfg=cfg(ossl110g)
  cargo:rustc-check-cfg=cfg(ossl110h)
  cargo:rustc-check-cfg=cfg(ossl111)
  cargo:rustc-check-cfg=cfg(ossl111b)
  cargo:rustc-check-cfg=cfg(ossl111c)
  cargo:rustc-check-cfg=cfg(ossl111d)
  cargo:rustc-check-cfg=cfg(ossl300)
  cargo:rustc-check-cfg=cfg(ossl310)
  cargo:rustc-check-cfg=cfg(ossl320)
  cargo:rustc-check-cfg=cfg(ossl330)
  cargo:rustc-check-cfg=cfg(ossl340)
  cargo:rustc-check-cfg=cfg(ossl400)
  cargo:rerun-if-env-changed=X86_64_PC_WINDOWS_MSVC_OPENSSL_NO_VENDOR
  X86_64_PC_WINDOWS_MSVC_OPENSSL_NO_VENDOR unset
  cargo:rerun-if-env-changed=OPENSSL_NO_VENDOR
  OPENSSL_NO_VENDOR unset
  cargo:rerun-if-env-changed=X86_64_PC_WINDOWS_MSVC_OPENSSL_CONFIG_DIR
  X86_64_PC_WINDOWS_MSVC_OPENSSL_CONFIG_DIR unset
  cargo:rerun-if-env-changed=OPENSSL_CONFIG_DIR
  OPENSSL_CONFIG_DIR unset
  running cd "~/coding/claude_code/SecMPro/spikes/sqlcipher/target/x86_64-pc-windows-msvc/release/build/openssl-sys-be382fbbc19a5a4d/out/openssl-build/build/src" && "perl" "./Configure" "--prefix=~/coding/claude_code/SecMPro/spikes/sqlcipher/target/x86_64-pc-windows-msvc/release/build/openssl-sys-be382fbbc19a5a4d/out/openssl-build/install" "--openssldir=SYS$MANAGER:[OPENSSL]" "no-shared" "no-module" "no-tests" "no-comp" "no-zlib" "no-zlib-dynamic" "--libdir=lib" "no-ssl3" "no-md2" "no-rc5" "no-weak-ssl-ciphers" "no-camellia" "no-idea" "no-seed" "no-capieng" "no-asm" "VC-WIN64A"
  Configuring OpenSSL version 3.6.3 for target VC-WIN64A
  Using os-specific seed configuration
  cargo:warning=configuring OpenSSL build: 'perl' reported failure with exit status: 255
  cargo:warning=openssl-src: failed to build OpenSSL from source

  --- stderr

  Failure!  makefile wasn't produced.
  Please read INSTALL.md and associated NOTES-* files.  You may also have to
  look over your available compiler tool chain or change your configuration.


  ******************************************************************************
  This perl implementation doesn't produce Windows like paths (with backward
  slash directory separators).  Please use an implementation that matches your
  building platform.

  This Perl version: 5.34.1 for darwin-thread-multi-2level
  ******************************************************************************



  Error configuring OpenSSL build:
      'perl' reported failure with exit status: 255
      Command failed: cd "~/coding/claude_code/SecMPro/spikes/sqlcipher/target/x86_64-pc-windows-msvc/release/build/openssl-sys-be382fbbc19a5a4d/out/openssl-build/build/src" && "perl" "./Configure" "--prefix=~/coding/claude_code/SecMPro/spikes/sqlcipher/target/x86_64-pc-windows-msvc/release/build/openssl-sys-be382fbbc19a5a4d/out/openssl-build/install" "--openssldir=SYS$MANAGER:[OPENSSL]" "no-shared" "no-module" "no-tests" "no-comp" "no-zlib" "no-zlib-dynamic" "--libdir=lib" "no-ssl3" "no-md2" "no-rc5" "no-weak-ssl-ciphers" "no-camellia" "no-idea" "no-seed" "no-capieng" "no-asm" "VC-WIN64A"



