   Compiling xtask v0.0.0 (/work/SecMPro/xtask)
    Finished `dev` profile [unoptimized + debuginfo] target(s) in 0.55s
     Running `target/debug/xtask step kani`

=== [9] kani ===
$ /work/home/.rustup/toolchains/1.98.1-x86_64-unknown-linux-gnu/bin/cargo kani --package secmp-client-core
  Checking harness kani_proofs::kani_evicted_range...
   ** 2 of 2 cover properties satisfied
  VERIFICATION:- SUCCESSFUL
  Verification Time: 0.067269735s
  Checking harness kani_proofs::kani_rate_bound_integer_form...
   ** 2 of 2 cover properties satisfied
  VERIFICATION:- SUCCESSFUL
  Verification Time: 473.2174s
  Checking harness kani_proofs::kani_backoff_cap...
   ** 2 of 2 cover properties satisfied
  VERIFICATION:- SUCCESSFUL
  Verification Time: 0.32014427s
  Checking harness kani_proofs::kani_uniform_draw_in_range...
   ** 1 of 1 cover properties satisfied
  VERIFICATION:- SUCCESSFUL
  Verification Time: 18.588808s
  Checking harness kani_proofs::kani_tick_time_checked...
   ** 2 of 2 cover properties satisfied
  VERIFICATION:- SUCCESSFUL
  Verification Time: 6.021928s
  Checking harness kani_proofs::kani_in_flight_bound...
   ** 1 of 1 cover properties satisfied
  VERIFICATION:- SUCCESSFUL
  Verification Time: 0.25043738s
  Checking harness kani_proofs::kani_balanced_rr_selects_due_or_ping...
   ** 2 of 2 cover properties satisfied
  VERIFICATION:- SUCCESSFUL
  Verification Time: 18.378906s
  Complete - 7 successfully verified harnesses, 0 failures, 7 total.
$ /work/home/.rustup/toolchains/1.98.1-x86_64-unknown-linux-gnu/bin/cargo kani --package secmp-proto -Z stubbing
  Checking harness kani_proofs::kani_q_frame_plaintext_exact_fit...
   ** 2 of 2 cover properties satisfied
  VERIFICATION:- SUCCESSFUL
  Verification Time: 297.859s
  Checking harness kani_proofs::kani_cont_assembly...
   ** 1 of 1 cover properties satisfied
  VERIFICATION:- SUCCESSFUL
  Verification Time: 1.7029939s
  Checking harness kani_proofs::kani_link_counter_checked_add...
   ** 3 of 3 cover properties satisfied
  VERIFICATION:- SUCCESSFUL
  Verification Time: 35.90186s
  Checking harness kani_proofs::kani_link_counter_strict_plus_one...
   ** 2 of 2 cover properties satisfied
  VERIFICATION:- SUCCESSFUL
  Verification Time: 62.114082s
  Checking harness kani_proofs::kani_frame_pad_total...
   ** 2 of 2 cover properties satisfied
  VERIFICATION:- SUCCESSFUL
  Verification Time: 481.40765s
  Checking harness kani_proofs::kani_cell_plaintext_decode_total...
  VERIFICATION:- SUCCESSFUL
  Verification Time: 104.72656s
  Checking harness kani_proofs::kani_commit_accept_atomic...
   ** 1 of 1 cover properties satisfied
  VERIFICATION:- SUCCESSFUL
  Verification Time: 680.85486s
  Checking harness kani_proofs::kani_accept_opk_delete_only_on_success...
   ** 1 of 1 cover properties satisfied
  VERIFICATION:- SUCCESSFUL
  Verification Time: 708.6006s
  Checking harness kani_proofs::kani_hx_grouping...
  VERIFICATION:- SUCCESSFUL
  Verification Time: 482.53714s
  Checking harness kani_proofs::kani_outer_unpad_total...
  VERIFICATION:- SUCCESSFUL
  Verification Time: 85.91832s
  Checking harness kani_proofs::kani_hx_chunk_bounds...
  VERIFICATION:- SUCCESSFUL
  Verification Time: 0.11084117s
  Checking harness kani_proofs::tr_eviction...
  VERIFICATION:- SUCCESSFUL
  Verification Time: 0.100508645s
  Checking harness kani_proofs::tr_skip_plan...
  VERIFICATION:- SUCCESSFUL
  Verification Time: 0.25657243s
  Checking harness kani_proofs::tr_header_selection...
  VERIFICATION:- SUCCESSFUL
  Verification Time: 126.29517s
  Checking harness kani_proofs::response_frame...
  VERIFICATION:- SUCCESSFUL
  Verification Time: 50.15738s
  Checking harness kani_proofs::request_fetch_multi...
  VERIFICATION:- SUCCESSFUL
  Verification Time: 71.0961s
  Checking harness kani_proofs::request_link_put...
  VERIFICATION:- SUCCESSFUL
  Verification Time: 18.677006s
  Checking harness kani_proofs::request_fetch...
  VERIFICATION:- SUCCESSFUL
  Verification Time: 4.3777447s
  Checking harness kani_proofs::request_link_get...
  VERIFICATION:- SUCCESSFUL
  Verification Time: 53.613163s
  Checking harness kani_proofs::request_ping...
  VERIFICATION:- SUCCESSFUL
  Verification Time: 0.36847296s
  Checking harness kani_proofs::request_skey...
  VERIFICATION:- SUCCESSFUL
  Verification Time: 0.32875457s
  Checking harness kani_proofs::request_queue_new...
  VERIFICATION:- SUCCESSFUL
  Verification Time: 5.060352s
  Checking harness kani_proofs::request_queue_del...
  VERIFICATION:- SUCCESSFUL
  Verification Time: 3.8517203s
  Checking harness kani_proofs::request_send...
  VERIFICATION:- SUCCESSFUL
  Verification Time: 6.1654778s
  Checking harness kani_proofs::request_cont...
  VERIFICATION:- SUCCESSFUL
  Verification Time: 2.7116542s
  Checking harness kani_proofs::request_frame...
  VERIFICATION:- SUCCESSFUL
  Verification Time: 10.366543s
  Checking harness kani_proofs::padding...
  VERIFICATION:- SUCCESSFUL
  Verification Time: 60.37712s
  Checking harness kani_proofs::header_v1_reencodes...
  VERIFICATION:- SUCCESSFUL
  Verification Time: 62.633163s
  Checking harness kani_proofs::header_v1...
  VERIFICATION:- SUCCESSFUL
  Verification Time: 8.946536s
  Checking harness kani_proofs::cell...
  VERIFICATION:- SUCCESSFUL
  Verification Time: 9.7826185s
  Complete - 30 successfully verified harnesses, 0 failures, 30 total.
$ /work/home/.rustup/toolchains/1.98.1-x86_64-unknown-linux-gnu/bin/cargo kani --package secmp-relay
  Checking harness kani_proofs::kani_executor_response_count...
   ** 6 of 6 cover properties satisfied
  VERIFICATION:- SUCCESSFUL
  Verification Time: 124.28267s
  Checking harness kani_proofs::kani_queue_eviction_bounds...
   ** 3 of 3 cover properties satisfied
  VERIFICATION:- SUCCESSFUL
  Verification Time: 33.58593s
  Checking harness kani_proofs::kani_cmd_seq_monotone...
   ** 5 of 5 cover properties satisfied
  VERIFICATION:- SUCCESSFUL
  Verification Time: 2.5124433s
  Complete - 3 successfully verified harnesses, 0 failures, 3 total.
  cover kani_proofs::kani_evicted_range: 2 of 2 satisfied
  cover kani_proofs::kani_rate_bound_integer_form: 2 of 2 satisfied
  cover kani_proofs::kani_backoff_cap: 2 of 2 satisfied
  cover kani_proofs::kani_uniform_draw_in_range: 1 of 1 satisfied
  cover kani_proofs::kani_tick_time_checked: 2 of 2 satisfied
  cover kani_proofs::kani_in_flight_bound: 1 of 1 satisfied
  cover kani_proofs::kani_balanced_rr_selects_due_or_ping: 2 of 2 satisfied
  cover kani_proofs::kani_q_frame_plaintext_exact_fit: 2 of 2 satisfied
  cover kani_proofs::kani_cont_assembly: 1 of 1 satisfied
  cover kani_proofs::kani_link_counter_checked_add: 3 of 3 satisfied
  cover kani_proofs::kani_link_counter_strict_plus_one: 2 of 2 satisfied
  cover kani_proofs::kani_frame_pad_total: 2 of 2 satisfied
  cover kani_proofs::kani_commit_accept_atomic: 1 of 1 satisfied
  cover kani_proofs::kani_accept_opk_delete_only_on_success: 1 of 1 satisfied
  cover kani_proofs::kani_executor_response_count: 6 of 6 satisfied
  cover kani_proofs::kani_queue_eviction_bounds: 3 of 3 satisfied
  cover kani_proofs::kani_cmd_seq_monotone: 5 of 5 satisfied
### gate `kani`

| item | verdict |
|---|---|
| status | PASS (4154 s) |
| line 1 | Kani 0.68.0: harness packages secmp-client-core, secmp-proto, secmp-relay (expected set matches) |
| line 2 | 40/40 harnesses verified (expect::KANI_HARNESSES): kani_proofs::cell, kani_proofs::header_v1, kani_proofs::header_v1_reencodes, kani_proofs::kani_accept_opk_delete_only_on_success, kani_proofs::kani_backoff_cap, kani_proofs::kani_balanced_rr_selects_due_or_ping, kani_proofs::kani_cell_plaintext_decode_total, kani_proofs::kani_cmd_seq_monotone, kani_proofs::kani_commit_accept_atomic, kani_proofs::kani_cont_assembly, kani_proofs::kani_evicted_range, kani_proofs::kani_executor_response_count, kani_proofs::kani_frame_pad_total, kani_proofs::kani_hx_chunk_bounds, kani_proofs::kani_hx_grouping, kani_proofs::kani_in_flight_bound, kani_proofs::kani_link_counter_checked_add, kani_proofs::kani_link_counter_strict_plus_one, kani_proofs::kani_outer_unpad_total, kani_proofs::kani_q_frame_plaintext_exact_fit, kani_proofs::kani_queue_eviction_bounds, kani_proofs::kani_rate_bound_integer_form, kani_proofs::kani_tick_time_checked, kani_proofs::kani_uniform_draw_in_range, kani_proofs::padding, kani_proofs::request_cont, kani_proofs::request_fetch, kani_proofs::request_fetch_multi, kani_proofs::request_frame, kani_proofs::request_link_get, kani_proofs::request_link_put, kani_proofs::request_ping, kani_proofs::request_queue_del, kani_proofs::request_queue_new, kani_proofs::request_send, kani_proofs::request_skey, kani_proofs::response_frame, kani_proofs::tr_eviction, kani_proofs::tr_header_selection, kani_proofs::tr_skip_plan |
| line 3 | every cover satisfied: kani_proofs::kani_evicted_range: 2 of 2 satisfied |
| line 4 | kani_proofs::kani_rate_bound_integer_form: 2 of 2 satisfied |
| line 5 | kani_proofs::kani_backoff_cap: 2 of 2 satisfied |
| line 6 | kani_proofs::kani_uniform_draw_in_range: 1 of 1 satisfied |
| line 7 | kani_proofs::kani_tick_time_checked: 2 of 2 satisfied |
| line 8 | kani_proofs::kani_in_flight_bound: 1 of 1 satisfied |
| line 9 | kani_proofs::kani_balanced_rr_selects_due_or_ping: 2 of 2 satisfied |
| line 10 | kani_proofs::kani_q_frame_plaintext_exact_fit: 2 of 2 satisfied |
| line 11 | kani_proofs::kani_cont_assembly: 1 of 1 satisfied |
| line 12 | kani_proofs::kani_link_counter_checked_add: 3 of 3 satisfied |
| line 13 | kani_proofs::kani_link_counter_strict_plus_one: 2 of 2 satisfied |
| line 14 | kani_proofs::kani_frame_pad_total: 2 of 2 satisfied |
| line 15 | kani_proofs::kani_commit_accept_atomic: 1 of 1 satisfied |
| line 16 | kani_proofs::kani_accept_opk_delete_only_on_success: 1 of 1 satisfied |
| line 17 | kani_proofs::kani_executor_response_count: 6 of 6 satisfied |
| line 18 | kani_proofs::kani_queue_eviction_bounds: 3 of 3 satisfied |
| line 19 | kani_proofs::kani_cmd_seq_monotone: 5 of 5 satisfied |



=== step summary (host x86_64-unknown-linux-gnu, strict: false) ===
   9 kani            PASS       4154s  Kani 0.68.0: harness packages secmp-client-core, secmp-proto, secmp-relay (expected set matches); 40/40 harnesses verified (expect::KANI_HARNESSES): kani_proofs::cell, kani_proofs::header_v1, kani_proofs::header_v1_reencodes, kani_proofs::kani_accept_opk_delete_only_on_success, kani_proofs::kani_backoff_cap, kani_proofs::kani_balanced_rr_selects_due_or_ping, kani_proofs::kani_cell_plaintext_decode_total, kani_proofs::kani_cmd_seq_monotone, kani_proofs::kani_commit_accept_atomic, kani_proofs::kani_cont_assembly, kani_proofs::kani_evicted_range, kani_proofs::kani_executor_response_count, kani_proofs::kani_frame_pad_total, kani_proofs::kani_hx_chunk_bounds, kani_proofs::kani_hx_grouping, kani_proofs::kani_in_flight_bound, kani_proofs::kani_link_counter_checked_add, kani_proofs::kani_link_counter_strict_plus_one, kani_proofs::kani_outer_unpad_total, kani_proofs::kani_q_frame_plaintext_exact_fit, kani_proofs::kani_queue_eviction_bounds, kani_proofs::kani_rate_bound_integer_form, kani_proofs::kani_tick_time_checked, kani_proofs::kani_uniform_draw_in_range, kani_proofs::padding, kani_proofs::request_cont, kani_proofs::request_fetch, kani_proofs::request_fetch_multi, kani_proofs::request_frame, kani_proofs::request_link_get, kani_proofs::request_link_put, kani_proofs::request_ping, kani_proofs::request_queue_del, kani_proofs::request_queue_new, kani_proofs::request_send, kani_proofs::request_skey, kani_proofs::response_frame, kani_proofs::tr_eviction, kani_proofs::tr_header_selection, kani_proofs::tr_skip_plan; every cover satisfied: kani_proofs::kani_evicted_range: 2 of 2 satisfied; kani_proofs::kani_rate_bound_integer_form: 2 of 2 satisfied; kani_proofs::kani_backoff_cap: 2 of 2 satisfied; kani_proofs::kani_uniform_draw_in_range: 1 of 1 satisfied; kani_proofs::kani_tick_time_checked: 2 of 2 satisfied; kani_proofs::kani_in_flight_bound: 1 of 1 satisfied; kani_proofs::kani_balanced_rr_selects_due_or_ping: 2 of 2 satisfied; kani_proofs::kani_q_frame_plaintext_exact_fit: 2 of 2 satisfied; kani_proofs::kani_cont_assembly: 1 of 1 satisfied; kani_proofs::kani_link_counter_checked_add: 3 of 3 satisfied; kani_proofs::kani_link_counter_strict_plus_one: 2 of 2 satisfied; kani_proofs::kani_frame_pad_total: 2 of 2 satisfied; kani_proofs::kani_commit_accept_atomic: 1 of 1 satisfied; kani_proofs::kani_accept_opk_delete_only_on_success: 1 of 1 satisfied; kani_proofs::kani_executor_response_count: 6 of 6 satisfied; kani_proofs::kani_queue_eviction_bounds: 3 of 3 satisfied; kani_proofs::kani_cmd_seq_monotone: 5 of 5 satisfied
step: PASS
